exit code: 1
stderr:
test/compile-errors/local-ignored-but-mutable.crow 5:5-5:6 unnecessary 'mut' on ignored local variable
