[1mtest/compile-errors/main-duplicate.crow[31m 4:1-4:2[m module contains multiple valid 'main' functions
