exit code: 0
stderr:
test/compile-errors/modifier-duplicate-or-redundant.crow 4:1-4:2 'bare' is redundant given 'extern'.
test/compile-errors/modifier-duplicate-or-redundant.crow 4:16-4:20 Redundant 'bare'.
test/compile-errors/modifier-duplicate-or-redundant.crow 4:34-4:40 Redundant 'extern'.
test/compile-errors/modifier-duplicate-or-redundant.crow 6:15-6:19 A builtin type is already 'data' by default.
test/compile-errors/modifier-duplicate-or-redundant.crow 8:10-8:13 An extern type is already 'mut' by default.
test/compile-errors/modifier-duplicate-or-redundant.crow 10:11-10:17 An extern type is already 'extern' by default.
test/compile-errors/modifier-duplicate-or-redundant.crow 12:9-12:13 An enum type is already 'data' by default.
test/compile-errors/modifier-duplicate-or-redundant.crow 14:9-14:13 A flags type is already 'data' by default.
test/compile-errors/modifier-duplicate-or-redundant.crow 16:10-16:14 A record type is already 'data' by default.
test/compile-errors/modifier-duplicate-or-redundant.crow 18:9-18:13 A union type is already 'data' by default.
test/compile-errors/modifier-duplicate-or-redundant.crow 21:10-21:16 A union type is already 'by-val' by default.
test/compile-errors/modifier-duplicate-or-redundant.crow 24:17-24:21 Redundant 'data'.
test/compile-errors/modifier-duplicate-or-redundant.crow 26:16-26:19 Redundant 'mut'.
test/compile-errors/modifier-duplicate-or-redundant.crow 28:19-28:25 Redundant 'shared'.
test/compile-errors/modifier-duplicate-or-redundant.crow 30:19-30:25 Redundant 'by-ref'.
test/compile-errors/modifier-duplicate-or-redundant.crow 32:19-32:25 Redundant 'by-val'.
test/compile-errors/modifier-duplicate-or-redundant.crow 34:25-34:33 Redundant 'extern'.
test/compile-errors/modifier-duplicate-or-redundant.crow 36:20-36:27 Redundant 'builtin'.
