exit code: 0
stderr:
test/compile-errors/type-param-cant-have-type-args.crow 4:17-4:18 a type parameter can't take type arguments
