exit code: 0
stderr:
test/compile-errors/wrong-number-type-args.crow 8:7-8:12 There are functions named 'magic', but none takes 1 type arguments. candidates:
	'magic out?(a in?)' (from test/compile-errors/wrong-number-type-args.crow line 4)
