exit code: 0
stderr:
error: Asserted expression is false: 1::nat + 1 == 3
	at main
	at call
	at catch
	at call
	at catch
	at catch
	at log
	at main
error: Forbidden expression is true: 1::nat + 1 == 2
	at main
	at call
	at catch
	at call
	at catch
	at catch
	at log
	at main
error: Custom assert message
	at main
	at call
	at catch
	at call
	at catch
	at catch
	at log
	at main
error: Custom forbid message
	at main
	at call
	at catch
	at call
	at catch
	at catch
	at log
	at main
