info: crow
info: kráka
info: κοράκι
info: ворона
info: עורב
info: غراب
info: کلاغ
info: کوا
info: কাক
info: कौआ
info: कावळा
info: कऊआ
info: ਕਾਂ
info: કાગડો
info: காகம்
info: కాకి
info: ཁྭ་ཏ་ནག་པོ།
info: quạ
info: からす
info: カラス
info: 乌鸦
info: 까마귀
