info: รก is รก
info: ใ is ใ
info: ๐ผ is ๐ผ
