exit code: 1
stderr:
test/parse-errors/line-continuation-invalid.crow 2:10-2:11 expected a dedent
