exit code: big
stderr:
Assert failed: token.token != Token.newlineDedent at src/frontend/parse/parseUtil.d line 159