exit code: 1
stderr:
test/end-to-end/parse-errors/interpolated-string-literal-bad-position.crow 2:18-2:19 Expected '}'.
