exit code: 1
stderr:
test/end-to-end/parse-errors/type-parens.crow 1:10-1:12 '()' is not a type. Did you mean 'void'?
test/end-to-end/parse-errors/type-parens.crow 2:10-2:12 '()' is not a type. Did you mean 'void'?
