exit code: 1
stderr:
test/end-to-end/parse-errors/type-bracket-unclosed.crow 1:7-1:9 '()' is not a type. Did you mean 'void'?
test/end-to-end/parse-errors/type-bracket-unclosed.crow 1:9-1:9 Expected ']'.
test/end-to-end/parse-errors/type-bracket-unclosed.crow 1:9-1:9 Expected '('.
