exit code: 0
stderr:
test/end-to-end/compile-errors/assert-or-forbid-warnings.crow 2:19-2:24 The expression after the ':' for an assert or forbid is always thrown; it doesn't need 'throw'.
test/end-to-end/compile-errors/assert-or-forbid-warnings.crow 3:5-3:10 Instead of throwing from a conditional expression, use 'assert' or 'forbid'.
