exit code: 0
stderr:
test/end-to-end/compile-errors/auto-fun-spec-from-wrong-module.crow 13:1-13:3 Spec for automatic function comes from unexpected module.
