exit code: 1
stderr:
test/end-to-end/compile-errors/bogus-local.crow 2:9-2:10 There is no function or variable named 'z'.
Uncaught exception: Error: Reached compile error
	at main
