exit code: 0
stderr:
test/end-to-end/compile-errors/extern-warnings.crow 4:1-4:2 'bare' is redundant given 'extern'.
test/end-to-end/compile-errors/extern-warnings.crow 6:1-6:2 'unsafe' is redundant given 'extern'.
test/end-to-end/compile-errors/extern-warnings.crow 8:1-8:2 'summon' is redundant given 'extern'.
test/end-to-end/compile-errors/extern-warnings.crow 10:1-10:2 A function is already 'pure' by default.
