exit code: 0
stdout:
info: linux linux
stderr:
test/end-to-end/compile-errors/extern-redundant.crow 3:19-3:24 Extern 'linux' is already in scope, so this expression is always 'true'.
