exit code: 0
stdout:
info: in foo
stderr:
test/end-to-end/compile-errors/function-pointer-not-bare.crow 2:25-2:29 The target of a function pointer must be a 'bare' function.
