exit code: 1
stderr:
test/end-to-end/compile-errors/function-missing-body.crow 1:1-1:5 Function needs a body. (An automatic function must be named '==', '<=>', or 'to'.)
test/end-to-end/compile-errors/function-missing-body.crow 2:1-2:5 This test needs a body.
Uncaught exception: Error: Reached compile error
	at main
