exit code: 1
stderr:
test/end-to-end/compile-errors/import-non-utf8-as-string.crow 2:5-2:31 File is not encoded as UTF-8 or has encoding errors.
Stopping due to compile errors.
