exit code: 1
stderr:
test/end-to-end/compile-errors/lambda-errors.crow 2:9-2:16 Lambda expression needs an expected type.
test/end-to-end/compile-errors/lambda-errors.crow 3:11-3:27 The lambda doesn't match the expected type at this location.
Expected type 'void mut(nat64)'.
test/end-to-end/compile-errors/lambda-errors.crow 4:11-4:18 Multiple lambda types are possible:
	'void mut(nat64)'
	'void mut(string)'
Consider explicitly typing the lambda's parameter.
Uncaught exception: Reached compile error
	at main
