exit code: 1
stderr:
test/end-to-end/compile-errors/library-not-configured.crow 2:5-2:17 Library 'non-existent' is not configured.
It must be added to "include" in 'crow-config.json'.
Stopping due to compile errors.
