exit code: 0
stderr:
test/end-to-end/compile-errors/local-ignored-but-mutable.crow 2:5-2:14 Unnecessary 'mut' on ignored local variable.
