exit code: 0
stdout:
info: hello
stderr:
test/end-to-end/compile-errors/match-variant-without-else.crow 2:14-2:19 Match on a 'variant' must have an explicit 'else'.
