exit code: 0
stderr:
test/end-to-end/compile-errors/mutate-parameter.crow 2:5-2:12 Local variable 'a' was not marked 'mut'.
