exit code: 1
stderr:
test/end-to-end/compile-errors/option-call-errors.crow 4:14-4:17 Expected type 'int64?'.
Actual: 'int64'.
test/end-to-end/compile-errors/option-call-errors.crow 5:13-5:25 Expected type 'nat64'.
Actual: 'nat64?'.
test/end-to-end/compile-errors/option-call-errors.crow 6:9-6:12 Expected one of these types:
	'int64?'
	'float32?'
	'float64?'
Actual: 'int64'.
Uncaught exception: Reached compile error
	at main
