exit code: 1
stderr:
test/end-to-end/compile-errors/set-field-of-by-val.crow 3:9-3:11 There is no function named 'set-x'.
Uncaught exception: Error: Reached compile error
	at main
