exit code: 1
stderr:
test/end-to-end/compile-errors/spec-inst-recursion.crow 2:16-2:19 Spec instantiation is too deep.
	Calling:
	foo@string (from test/end-to-end/compile-errors/spec-inst-recursion.crow line 10)
	bar@string (from test/end-to-end/compile-errors/spec-inst-recursion.crow line 13)
	foo@string (from test/end-to-end/compile-errors/spec-inst-recursion.crow line 10)
	bar@string (from test/end-to-end/compile-errors/spec-inst-recursion.crow line 13)
	foo@string (from test/end-to-end/compile-errors/spec-inst-recursion.crow line 10)
	bar@string (from test/end-to-end/compile-errors/spec-inst-recursion.crow line 13)
	foo@string (from test/end-to-end/compile-errors/spec-inst-recursion.crow line 10)
	bar@string (from test/end-to-end/compile-errors/spec-inst-recursion.crow line 13)
Uncaught exception: Reached compile error
	at main
