exit code: 0
stdout:
info: a
info: a
stderr:
test/end-to-end/compile-errors/string-literal-invalid.crow 2:14-2:20 'string'  literal can't contain '\0'.
test/end-to-end/compile-errors/string-literal-invalid.crow 3:16-3:22 'symbol'  literal can't contain '\0'.
