exit code: 1
stdout:
info: x
stderr:
test/end-to-end/compile-errors/variant-method-missing.crow 11:10-11:26 Could not find a function 'foo string(_ y)'.
Uncaught exception: Reached compile error
	at foo
	at main
