exit code: 1
stderr:
test/end-to-end/compile-errors/variant-member-of-non-variant.crow 2:14-2:15 There is no function or variable named 'm'.
test/end-to-end/compile-errors/variant-member-of-non-variant.crow 4:10-4:29 Not a variant: bool
Uncaught exception: Error: Reached compile error
	at main
