exit code: 0
stdout:
info: done
stderr:
test/end-to-end/compile-errors/variant-member-purity.crow 5:15-5:31 Variant 'v' has purity 'data', but member 'm' has purity 'mut'.
