exit code: 1
stderr:
test/end-to-end/compile-errors/variant-member-multiple.crow 3:18-3:19 There are functions named 'r', but they do not match the expected return type and actual argument types.
Expected return type 'string v'.
Actual argument types: 
Candidates (with 0 arguments):
	'r nat64 v()' (from test/end-to-end/compile-errors/variant-member-multiple.crow line 7)
test/end-to-end/compile-errors/variant-member-multiple.crow 7:32-7:55 Type 'r' can't declare itself a member of the same variant 'v' multiple times.
Uncaught exception: Reached compile error
	at main
