exit code: 0
stdout:
info: bar
stderr:
test/end-to-end/compile-errors/variant-member-wrong-type-arg.crow 3:8-3:11 Type 'foo' is not a member of variant 'nat64 v'.
